#-----------------------------------------------------------
# Vivado v2018.2 (64-bit)
# SW Build 2258646 on Thu Jun 14 20:02:38 MDT 2018
# IP Build 2256618 on Thu Jun 14 22:10:49 MDT 2018
# Start of session at: Thu Oct 11 17:46:08 2018
# Process ID: 9689
# Current directory: /home/comparch/Documents/ComputerArchitecture/Lab2
# Command line: vivado
# Log file: /home/comparch/Documents/ComputerArchitecture/Lab2/vivado.log
# Journal file: /home/comparch/Documents/ComputerArchitecture/Lab2/vivado.jou
#-----------------------------------------------------------
start_gui
create_project lab2 /home/comparch/Documents/ComputerArchitecture/Lab2/lab2 -part xc7z010clg400-1
set_property board_part digilentinc.com:zybo:part0:1.0 [current_project]
add_files -fileset constrs_1 -norecurse /home/comparch/Documents/ComputerArchitecture/Lab2/lab2/ZYBO_Master.xdc
import_files -fileset constrs_1 /home/comparch/Documents/ComputerArchitecture/Lab2/lab2/ZYBO_Master.xdc
import_files -norecurse {/home/comparch/Documents/ComputerArchitecture/Lab2/inputconditioner.v /home/comparch/Documents/ComputerArchitecture/Lab2/shiftregister.v /home/comparch/Documents/ComputerArchitecture/Lab2/lab2_wrapper.v}
update_compile_order -fileset sources_1
update_compile_order -fileset sources_1
launch_runs synth_1
wait_on_run synth_1
launch_runs impl_1
wait_on_run impl_1
launch_runs impl_1 -to_step write_bitstream
wait_on_run impl_1
open_run impl_1
open_hw
connect_hw_server
disconnect_hw_server localhost:3121
connect_hw_server
disconnect_hw_server localhost:3121
connect_hw_server
